Flow report for Poker
Mon Jun 14 18:36:03 2021
Quartus II 64-Bit Version 14.0.0 Build 200 06/17/2014 SJ Full Version


---------------------
; Table of Contents ;
---------------------
  1. Legal Notice
  2. Flow Summary
  3. Flow Settings
  4. Flow Non-Default Global Settings
  5. Flow Elapsed Time
  6. Flow OS Summary
  7. Flow Log
  8. Flow Messages
  9. Flow Suppressed Messages



----------------
; Legal Notice ;
----------------
Copyright (C) 1991-2014 Altera Corporation. All rights reserved.
Your use of Altera Corporation's design tools, logic functions 
and other software and tools, and its AMPP partner logic 
functions, and any output files from any of the foregoing 
(including device programming or simulation files), and any 
associated documentation or information are expressly subject 
to the terms and conditions of the Altera Program License 
Subscription Agreement, the Altera Quartus II License Agreement,
the Altera MegaCore Function License Agreement, or other 
applicable license agreement, including, without limitation, 
that your use is for the sole purpose of programming logic 
devices manufactured by Altera and sold by Altera or its 
authorized distributors.  Please refer to the applicable 
agreement for further details.



+-------------------------------------------------------------------------------+
; Flow Summary                                                                  ;
+---------------------------------+---------------------------------------------+
; Flow Status                     ; Successful - Mon Jun 14 18:36:03 2021       ;
; Quartus II 64-Bit Version       ; 14.0.0 Build 200 06/17/2014 SJ Full Version ;
; Revision Name                   ; Poker                                       ;
; Top-level Entity Name           ; Poker                                       ;
; Family                          ; Cyclone V                                   ;
; Device                          ; 5CGXFC7C7F23C8                              ;
; Timing Models                   ; Final                                       ;
; Logic utilization (in ALMs)     ; 74 / 56,480 ( < 1 % )                       ;
; Total registers                 ; 64                                          ;
; Total pins                      ; 16 / 268 ( 6 % )                            ;
; Total virtual pins              ; 0                                           ;
; Total block memory bits         ; 0 / 7,024,640 ( 0 % )                       ;
; Total DSP Blocks                ; 0 / 156 ( 0 % )                             ;
; Total HSSI RX PCSs              ; 0 / 6 ( 0 % )                               ;
; Total HSSI PMA RX Deserializers ; 0 / 6 ( 0 % )                               ;
; Total HSSI TX PCSs              ; 0 / 6 ( 0 % )                               ;
; Total HSSI PMA TX Serializers   ; 0 / 6 ( 0 % )                               ;
; Total PLLs                      ; 0 / 13 ( 0 % )                              ;
; Total DLLs                      ; 0 / 4 ( 0 % )                               ;
+---------------------------------+---------------------------------------------+


+-----------------------------------------+
; Flow Settings                           ;
+-------------------+---------------------+
; Option            ; Setting             ;
+-------------------+---------------------+
; Start date & time ; 06/14/2021 18:09:50 ;
; Main task         ; Compilation         ;
; Revision Name     ; Poker               ;
+-------------------+---------------------+


+-------------------------------------------------------------------------------------------------------------------------------------------------+
; Flow Non-Default Global Settings                                                                                                                ;
+-------------------------------------+------------------------------------------------------------+---------------+-------------+----------------+
; Assignment Name                     ; Value                                                      ; Default Value ; Entity Name ; Section Id     ;
+-------------------------------------+------------------------------------------------------------+---------------+-------------+----------------+
; COMPILER_SIGNATURE_ID               ; 39908806478728.162366539027264                             ; --            ; --          ; --             ;
; EDA_GENERATE_FUNCTIONAL_NETLIST     ; On                                                         ; --            ; --          ; eda_simulation ;
; EDA_NETLIST_WRITER_OUTPUT_DIR       ; C:/Users/PartMent/Documents/Quartus/Poker/simulation/qsim/ ; --            ; --          ; eda_simulation ;
; EDA_OUTPUT_DATA_FORMAT              ; Verilog Hdl                                                ; --            ; --          ; eda_simulation ;
; EDA_SIMULATION_TOOL                 ; ModelSim-Altera (Verilog)                                  ; <None>        ; --          ; --             ;
; MAX_CORE_JUNCTION_TEMP              ; 85                                                         ; --            ; --          ; --             ;
; MIN_CORE_JUNCTION_TEMP              ; 0                                                          ; --            ; --          ; --             ;
; PARTITION_COLOR                     ; 16764057                                                   ; --            ; --          ; Top            ;
; PARTITION_FITTER_PRESERVATION_LEVEL ; PLACEMENT_AND_ROUTING                                      ; --            ; --          ; Top            ;
; PARTITION_NETLIST_TYPE              ; SOURCE                                                     ; --            ; --          ; Top            ;
; POWER_BOARD_THERMAL_MODEL           ; None (CONSERVATIVE)                                        ; --            ; --          ; --             ;
; POWER_PRESET_COOLING_SOLUTION       ; 23 MM HEAT SINK WITH 200 LFPM AIRFLOW                      ; --            ; --          ; --             ;
; PROJECT_OUTPUT_DIRECTORY            ; output_files                                               ; --            ; --          ; --             ;
+-------------------------------------+------------------------------------------------------------+---------------+-------------+----------------+


+-------------------------------------------------------------------------------------------------------------------------------+
; Flow Elapsed Time                                                                                                             ;
+---------------------------+--------------+-------------------------+---------------------+------------------------------------+
; Module Name               ; Elapsed Time ; Average Processors Used ; Peak Virtual Memory ; Total CPU Time (on all processors) ;
+---------------------------+--------------+-------------------------+---------------------+------------------------------------+
; Analysis & Synthesis      ; 00:00:02     ; 1.0                     ; 4846 MB             ; 00:00:02                           ;
; Fitter                    ; 00:00:29     ; 3.2                     ; 7319 MB             ; 00:01:00                           ;
; Assembler                 ; 00:00:09     ; 1.0                     ; 4813 MB             ; 00:00:09                           ;
; TimeQuest Timing Analyzer ; 00:00:06     ; 1.3                     ; 5271 MB             ; 00:00:07                           ;
; EDA Netlist Writer        ; 00:00:01     ; 1.0                     ; 4660 MB             ; 00:00:01                           ;
; EDA Netlist Writer        ; 00:00:01     ; 1.0                     ; 4671 MB             ; 00:00:01                           ;
; EDA Netlist Writer        ; 00:00:01     ; 1.0                     ; 4671 MB             ; 00:00:01                           ;
; EDA Netlist Writer        ; 00:00:01     ; 1.0                     ; 4671 MB             ; 00:00:01                           ;
; EDA Netlist Writer        ; 00:00:01     ; 1.0                     ; 4671 MB             ; 00:00:01                           ;
; EDA Netlist Writer        ; 00:00:01     ; 1.0                     ; 4671 MB             ; 00:00:01                           ;
; EDA Netlist Writer        ; 00:00:01     ; 1.0                     ; 4671 MB             ; 00:00:01                           ;
; EDA Netlist Writer        ; 00:00:01     ; 1.0                     ; 4671 MB             ; 00:00:01                           ;
; EDA Netlist Writer        ; 00:00:01     ; 1.0                     ; 4671 MB             ; 00:00:01                           ;
; EDA Netlist Writer        ; 00:00:01     ; 1.0                     ; 4671 MB             ; 00:00:01                           ;
; EDA Netlist Writer        ; 00:00:01     ; 1.0                     ; 4671 MB             ; 00:00:01                           ;
; EDA Netlist Writer        ; 00:00:01     ; 1.0                     ; 4671 MB             ; 00:00:01                           ;
; EDA Netlist Writer        ; 00:00:01     ; 1.0                     ; 4671 MB             ; 00:00:01                           ;
; EDA Netlist Writer        ; 00:00:01     ; 1.0                     ; 4671 MB             ; 00:00:01                           ;
; EDA Netlist Writer        ; 00:00:01     ; 1.0                     ; 4671 MB             ; 00:00:01                           ;
; EDA Netlist Writer        ; 00:00:01     ; 1.0                     ; 4671 MB             ; 00:00:01                           ;
; EDA Netlist Writer        ; 00:00:01     ; 1.0                     ; 4671 MB             ; 00:00:01                           ;
; EDA Netlist Writer        ; 00:00:01     ; 1.0                     ; 4671 MB             ; 00:00:01                           ;
; EDA Netlist Writer        ; 00:00:01     ; 1.0                     ; 4671 MB             ; 00:00:01                           ;
; EDA Netlist Writer        ; 00:00:01     ; 1.0                     ; 4671 MB             ; 00:00:01                           ;
; EDA Netlist Writer        ; 00:00:01     ; 1.0                     ; 4671 MB             ; 00:00:01                           ;
; EDA Netlist Writer        ; 00:00:01     ; 1.0                     ; 4671 MB             ; 00:00:01                           ;
; EDA Netlist Writer        ; 00:00:01     ; 1.0                     ; 4671 MB             ; 00:00:01                           ;
; EDA Netlist Writer        ; 00:00:01     ; 1.0                     ; 4671 MB             ; 00:00:01                           ;
; EDA Netlist Writer        ; 00:00:01     ; 1.0                     ; 4671 MB             ; 00:00:01                           ;
; Total                     ; 00:01:11     ; --                      ; --                  ; 00:01:43                           ;
+---------------------------+--------------+-------------------------+---------------------+------------------------------------+


+----------------------------------------------------------------------------------------+
; Flow OS Summary                                                                        ;
+---------------------------+------------------+-----------+------------+----------------+
; Module Name               ; Machine Hostname ; OS Name   ; OS Version ; Processor type ;
+---------------------------+------------------+-----------+------------+----------------+
; Analysis & Synthesis      ; Revision-PC      ; Windows 7 ; 6.2        ; x86_64         ;
; Fitter                    ; Revision-PC      ; Windows 7 ; 6.2        ; x86_64         ;
; Assembler                 ; Revision-PC      ; Windows 7 ; 6.2        ; x86_64         ;
; TimeQuest Timing Analyzer ; Revision-PC      ; Windows 7 ; 6.2        ; x86_64         ;
; EDA Netlist Writer        ; Revision-PC      ; Windows 7 ; 6.2        ; x86_64         ;
; EDA Netlist Writer        ; Revision-PC      ; Windows 7 ; 6.2        ; x86_64         ;
; EDA Netlist Writer        ; Revision-PC      ; Windows 7 ; 6.2        ; x86_64         ;
; EDA Netlist Writer        ; Revision-PC      ; Windows 7 ; 6.2        ; x86_64         ;
; EDA Netlist Writer        ; Revision-PC      ; Windows 7 ; 6.2        ; x86_64         ;
; EDA Netlist Writer        ; Revision-PC      ; Windows 7 ; 6.2        ; x86_64         ;
; EDA Netlist Writer        ; Revision-PC      ; Windows 7 ; 6.2        ; x86_64         ;
; EDA Netlist Writer        ; Revision-PC      ; Windows 7 ; 6.2        ; x86_64         ;
; EDA Netlist Writer        ; Revision-PC      ; Windows 7 ; 6.2        ; x86_64         ;
; EDA Netlist Writer        ; Revision-PC      ; Windows 7 ; 6.2        ; x86_64         ;
; EDA Netlist Writer        ; Revision-PC      ; Windows 7 ; 6.2        ; x86_64         ;
; EDA Netlist Writer        ; Revision-PC      ; Windows 7 ; 6.2        ; x86_64         ;
; EDA Netlist Writer        ; Revision-PC      ; Windows 7 ; 6.2        ; x86_64         ;
; EDA Netlist Writer        ; Revision-PC      ; Windows 7 ; 6.2        ; x86_64         ;
; EDA Netlist Writer        ; Revision-PC      ; Windows 7 ; 6.2        ; x86_64         ;
; EDA Netlist Writer        ; Revision-PC      ; Windows 7 ; 6.2        ; x86_64         ;
; EDA Netlist Writer        ; Revision-PC      ; Windows 7 ; 6.2        ; x86_64         ;
; EDA Netlist Writer        ; Revision-PC      ; Windows 7 ; 6.2        ; x86_64         ;
; EDA Netlist Writer        ; Revision-PC      ; Windows 7 ; 6.2        ; x86_64         ;
; EDA Netlist Writer        ; Revision-PC      ; Windows 7 ; 6.2        ; x86_64         ;
; EDA Netlist Writer        ; Revision-PC      ; Windows 7 ; 6.2        ; x86_64         ;
; EDA Netlist Writer        ; Revision-PC      ; Windows 7 ; 6.2        ; x86_64         ;
; EDA Netlist Writer        ; Revision-PC      ; Windows 7 ; 6.2        ; x86_64         ;
; EDA Netlist Writer        ; Revision-PC      ; Windows 7 ; 6.2        ; x86_64         ;
; EDA Netlist Writer        ; Revision-PC      ; Windows 7 ; 6.2        ; x86_64         ;
+---------------------------+------------------+-----------+------------+----------------+


------------
; Flow Log ;
------------
quartus_map --read_settings_files=on --write_settings_files=off Poker -c Poker
quartus_fit --read_settings_files=off --write_settings_files=off Poker -c Poker
quartus_asm --read_settings_files=off --write_settings_files=off Poker -c Poker
quartus_sta Poker -c Poker
quartus_eda --read_settings_files=off --write_settings_files=off Poker -c Poker
quartus_eda --gen_testbench --check_outputs=on --tool=modelsim_oem --format=verilog Poker -c Poker --vector_source=C:/Users/PartMent/Documents/Quartus/Poker/TEST_FINAL.vwf --testbench_file=C:/Users/PartMent/Documents/Quartus/Poker/simulation/qsim/TEST_FINAL.vwf.vt
quartus_eda --functional=on --flatten_buses=off --simulation=on --tool=modelsim_oem --format=verilog --output_directory=C:/Users/PartMent/Documents/Quartus/Poker/simulation/qsim/ Poker -c Poker
quartus_eda --gen_testbench --check_outputs=on --tool=modelsim_oem --format=verilog Poker -c Poker --vector_source=C:/Users/PartMent/Documents/Quartus/Poker/TEST_FINAL.vwf --testbench_file=C:/Users/PartMent/Documents/Quartus/Poker/simulation/qsim/TEST_FINAL.vwf.vt
quartus_eda --functional=on --flatten_buses=off --simulation=on --tool=modelsim_oem --format=verilog --output_directory=C:/Users/PartMent/Documents/Quartus/Poker/simulation/qsim/ Poker -c Poker
quartus_eda --gen_testbench --check_outputs=on --tool=modelsim_oem --format=verilog Poker -c Poker --vector_source=C:/Users/PartMent/Documents/Quartus/Poker/TEST_FINAL.vwf --testbench_file=C:/Users/PartMent/Documents/Quartus/Poker/simulation/qsim/TEST_FINAL.vwf.vt
quartus_eda --functional=on --flatten_buses=off --simulation=on --tool=modelsim_oem --format=verilog --output_directory=C:/Users/PartMent/Documents/Quartus/Poker/simulation/qsim/ Poker -c Poker
quartus_eda --gen_testbench --check_outputs=on --tool=modelsim_oem --format=verilog Poker -c Poker --vector_source=C:/Users/PartMent/Documents/Quartus/Poker/TEST_FINAL.vwf --testbench_file=C:/Users/PartMent/Documents/Quartus/Poker/simulation/qsim/TEST_FINAL.vwf.vt
quartus_eda --functional=on --flatten_buses=off --simulation=on --tool=modelsim_oem --format=verilog --output_directory=C:/Users/PartMent/Documents/Quartus/Poker/simulation/qsim/ Poker -c Poker
quartus_eda --gen_testbench --check_outputs=on --tool=modelsim_oem --format=verilog Poker -c Poker --vector_source=C:/Users/PartMent/Documents/Quartus/Poker/TEST_FINAL.vwf --testbench_file=C:/Users/PartMent/Documents/Quartus/Poker/simulation/qsim/TEST_FINAL.vwf.vt
quartus_eda --functional=on --flatten_buses=off --simulation=on --tool=modelsim_oem --format=verilog --output_directory=C:/Users/PartMent/Documents/Quartus/Poker/simulation/qsim/ Poker -c Poker
quartus_eda --gen_testbench --check_outputs=on --tool=modelsim_oem --format=verilog Poker -c Poker --vector_source=C:/Users/PartMent/Documents/Quartus/Poker/TEST_FINAL.vwf --testbench_file=C:/Users/PartMent/Documents/Quartus/Poker/simulation/qsim/TEST_FINAL.vwf.vt
quartus_eda --functional=on --flatten_buses=off --simulation=on --tool=modelsim_oem --format=verilog --output_directory=C:/Users/PartMent/Documents/Quartus/Poker/simulation/qsim/ Poker -c Poker
quartus_eda --gen_testbench --check_outputs=on --tool=modelsim_oem --format=verilog Poker -c Poker --vector_source=C:/Users/PartMent/Documents/Quartus/Poker/TEST_FINAL.vwf --testbench_file=C:/Users/PartMent/Documents/Quartus/Poker/simulation/qsim/TEST_FINAL.vwf.vt
quartus_eda --functional=on --flatten_buses=off --simulation=on --tool=modelsim_oem --format=verilog --output_directory=C:/Users/PartMent/Documents/Quartus/Poker/simulation/qsim/ Poker -c Poker
quartus_eda --gen_testbench --check_outputs=on --tool=modelsim_oem --format=verilog Poker -c Poker --vector_source=C:/Users/PartMent/Documents/Quartus/Poker/TEST_FINAL.vwf --testbench_file=C:/Users/PartMent/Documents/Quartus/Poker/simulation/qsim/TEST_FINAL.vwf.vt
quartus_eda --functional=on --flatten_buses=off --simulation=on --tool=modelsim_oem --format=verilog --output_directory=C:/Users/PartMent/Documents/Quartus/Poker/simulation/qsim/ Poker -c Poker
quartus_eda --gen_testbench --check_outputs=on --tool=modelsim_oem --format=verilog Poker -c Poker --vector_source=C:/Users/PartMent/Documents/Quartus/Poker/TEST_FINAL.vwf --testbench_file=C:/Users/PartMent/Documents/Quartus/Poker/simulation/qsim/TEST_FINAL.vwf.vt
quartus_eda --functional=on --flatten_buses=off --simulation=on --tool=modelsim_oem --format=verilog --output_directory=C:/Users/PartMent/Documents/Quartus/Poker/simulation/qsim/ Poker -c Poker
quartus_eda --gen_testbench --check_outputs=on --tool=modelsim_oem --format=verilog Poker -c Poker --vector_source=C:/Users/PartMent/Documents/Quartus/Poker/TEST_FINAL.vwf --testbench_file=C:/Users/PartMent/Documents/Quartus/Poker/simulation/qsim/TEST_FINAL.vwf.vt
quartus_eda --functional=on --flatten_buses=off --simulation=on --tool=modelsim_oem --format=verilog --output_directory=C:/Users/PartMent/Documents/Quartus/Poker/simulation/qsim/ Poker -c Poker
quartus_eda --gen_testbench --check_outputs=on --tool=modelsim_oem --format=verilog Poker -c Poker --vector_source=C:/Users/PartMent/Documents/Quartus/Poker/TEST.vwf --testbench_file=C:/Users/PartMent/Documents/Quartus/Poker/simulation/qsim/TEST.vwf.vt
quartus_eda --functional=on --flatten_buses=off --simulation=on --tool=modelsim_oem --format=verilog --output_directory=C:/Users/PartMent/Documents/Quartus/Poker/simulation/qsim/ Poker -c Poker
quartus_eda --gen_testbench --check_outputs=on --tool=modelsim_oem --format=verilog Poker -c Poker --vector_source=C:/Users/PartMent/Documents/Quartus/Poker/TEST.vwf --testbench_file=C:/Users/PartMent/Documents/Quartus/Poker/simulation/qsim/TEST.vwf.vt
quartus_eda --functional=on --flatten_buses=off --simulation=on --tool=modelsim_oem --format=verilog --output_directory=C:/Users/PartMent/Documents/Quartus/Poker/simulation/qsim/ Poker -c Poker



