------------------------------------------------------------
TimeQuest Timing Analyzer Summary
------------------------------------------------------------

Type  : Slow 1100mV 85C Model Setup 'SegController:inst1|seg:inst2|op[0]'
Slack : -7.881
TNS   : -62.930

Type  : Slow 1100mV 85C Model Setup 'CLOCK'
Slack : -3.761
TNS   : -192.192

Type  : Slow 1100mV 85C Model Hold 'CLOCK'
Slack : -0.498
TNS   : -1.166

Type  : Slow 1100mV 85C Model Hold 'SegController:inst1|seg:inst2|op[0]'
Slack : 0.305
TNS   : 0.000

Type  : Slow 1100mV 85C Model Minimum Pulse Width 'CLOCK'
Slack : -0.724
TNS   : -71.264

Type  : Slow 1100mV 85C Model Minimum Pulse Width 'SegController:inst1|seg:inst2|op[0]'
Slack : 0.226
TNS   : 0.000

Type  : Slow 1100mV 0C Model Setup 'SegController:inst1|seg:inst2|op[0]'
Slack : -8.067
TNS   : -64.114

Type  : Slow 1100mV 0C Model Setup 'CLOCK'
Slack : -3.789
TNS   : -186.526

Type  : Slow 1100mV 0C Model Hold 'CLOCK'
Slack : -0.899
TNS   : -2.163

Type  : Slow 1100mV 0C Model Hold 'SegController:inst1|seg:inst2|op[0]'
Slack : 0.187
TNS   : 0.000

Type  : Slow 1100mV 0C Model Minimum Pulse Width 'CLOCK'
Slack : -0.724
TNS   : -71.881

Type  : Slow 1100mV 0C Model Minimum Pulse Width 'SegController:inst1|seg:inst2|op[0]'
Slack : 0.328
TNS   : 0.000

Type  : Fast 1100mV 85C Model Setup 'SegController:inst1|seg:inst2|op[0]'
Slack : -2.948
TNS   : -22.049

Type  : Fast 1100mV 85C Model Setup 'CLOCK'
Slack : -1.176
TNS   : -48.816

Type  : Fast 1100mV 85C Model Hold 'CLOCK'
Slack : 0.065
TNS   : 0.000

Type  : Fast 1100mV 85C Model Hold 'SegController:inst1|seg:inst2|op[0]'
Slack : 0.243
TNS   : 0.000

Type  : Fast 1100mV 85C Model Minimum Pulse Width 'CLOCK'
Slack : -0.083
TNS   : -5.161

Type  : Fast 1100mV 85C Model Minimum Pulse Width 'SegController:inst1|seg:inst2|op[0]'
Slack : 0.378
TNS   : 0.000

Type  : Fast 1100mV 0C Model Setup 'SegController:inst1|seg:inst2|op[0]'
Slack : -2.756
TNS   : -20.560

Type  : Fast 1100mV 0C Model Setup 'CLOCK'
Slack : -0.942
TNS   : -37.754

Type  : Fast 1100mV 0C Model Hold 'CLOCK'
Slack : -0.105
TNS   : -0.199

Type  : Fast 1100mV 0C Model Hold 'SegController:inst1|seg:inst2|op[0]'
Slack : 0.197
TNS   : 0.000

Type  : Fast 1100mV 0C Model Minimum Pulse Width 'CLOCK'
Slack : -0.082
TNS   : -5.162

Type  : Fast 1100mV 0C Model Minimum Pulse Width 'SegController:inst1|seg:inst2|op[0]'
Slack : 0.393
TNS   : 0.000

------------------------------------------------------------
