------------------------------------------------------------
TimeQuest Timing Analyzer Summary
------------------------------------------------------------

Type  : Slow 1100mV 85C Model Setup 'SegController:inst1|seg:inst2|op[0]'
Slack : -8.145
TNS   : -62.496

Type  : Slow 1100mV 85C Model Setup 'SegController:inst1|Decimal:inst1|digit[1]'
Slack : -7.159
TNS   : -44.562

Type  : Slow 1100mV 85C Model Setup 'CLOCK'
Slack : -4.881
TNS   : -324.278

Type  : Slow 1100mV 85C Model Hold 'SegController:inst1|seg:inst2|op[0]'
Slack : -0.679
TNS   : -1.291

Type  : Slow 1100mV 85C Model Hold 'CLOCK'
Slack : -0.581
TNS   : -1.163

Type  : Slow 1100mV 85C Model Hold 'SegController:inst1|Decimal:inst1|digit[1]'
Slack : -0.494
TNS   : -0.776

Type  : Slow 1100mV 85C Model Minimum Pulse Width 'CLOCK'
Slack : -0.724
TNS   : -118.169

Type  : Slow 1100mV 85C Model Minimum Pulse Width 'SegController:inst1|Decimal:inst1|digit[1]'
Slack : 0.105
TNS   : 0.000

Type  : Slow 1100mV 85C Model Minimum Pulse Width 'SegController:inst1|seg:inst2|op[0]'
Slack : 0.107
TNS   : 0.000

Type  : Slow 1100mV 0C Model Setup 'SegController:inst1|seg:inst2|op[0]'
Slack : -8.243
TNS   : -63.358

Type  : Slow 1100mV 0C Model Setup 'SegController:inst1|Decimal:inst1|digit[1]'
Slack : -7.180
TNS   : -44.715

Type  : Slow 1100mV 0C Model Setup 'CLOCK'
Slack : -4.741
TNS   : -317.646

Type  : Slow 1100mV 0C Model Hold 'CLOCK'
Slack : -0.937
TNS   : -2.194

Type  : Slow 1100mV 0C Model Hold 'SegController:inst1|seg:inst2|op[0]'
Slack : -0.714
TNS   : -1.568

Type  : Slow 1100mV 0C Model Hold 'SegController:inst1|Decimal:inst1|digit[1]'
Slack : -0.516
TNS   : -1.107

Type  : Slow 1100mV 0C Model Minimum Pulse Width 'CLOCK'
Slack : -0.724
TNS   : -117.970

Type  : Slow 1100mV 0C Model Minimum Pulse Width 'SegController:inst1|seg:inst2|op[0]'
Slack : 0.058
TNS   : 0.000

Type  : Slow 1100mV 0C Model Minimum Pulse Width 'SegController:inst1|Decimal:inst1|digit[1]'
Slack : 0.110
TNS   : 0.000

Type  : Fast 1100mV 85C Model Setup 'SegController:inst1|seg:inst2|op[0]'
Slack : -3.010
TNS   : -21.871

Type  : Fast 1100mV 85C Model Setup 'SegController:inst1|Decimal:inst1|digit[1]'
Slack : -2.562
TNS   : -15.326

Type  : Fast 1100mV 85C Model Setup 'CLOCK'
Slack : -1.954
TNS   : -75.850

Type  : Fast 1100mV 85C Model Hold 'SegController:inst1|seg:inst2|op[0]'
Slack : -0.268
TNS   : -0.295

Type  : Fast 1100mV 85C Model Hold 'SegController:inst1|Decimal:inst1|digit[1]'
Slack : -0.121
TNS   : -0.156

Type  : Fast 1100mV 85C Model Hold 'CLOCK'
Slack : -0.004
TNS   : -0.008

Type  : Fast 1100mV 85C Model Minimum Pulse Width 'CLOCK'
Slack : -0.092
TNS   : -9.231

Type  : Fast 1100mV 85C Model Minimum Pulse Width 'SegController:inst1|seg:inst2|op[0]'
Slack : 0.303
TNS   : 0.000

Type  : Fast 1100mV 85C Model Minimum Pulse Width 'SegController:inst1|Decimal:inst1|digit[1]'
Slack : 0.357
TNS   : 0.000

Type  : Fast 1100mV 0C Model Setup 'SegController:inst1|seg:inst2|op[0]'
Slack : -2.766
TNS   : -20.138

Type  : Fast 1100mV 0C Model Setup 'SegController:inst1|Decimal:inst1|digit[1]'
Slack : -2.309
TNS   : -13.894

Type  : Fast 1100mV 0C Model Setup 'CLOCK'
Slack : -1.589
TNS   : -60.973

Type  : Fast 1100mV 0C Model Hold 'SegController:inst1|seg:inst2|op[0]'
Slack : -0.241
TNS   : -0.260

Type  : Fast 1100mV 0C Model Hold 'CLOCK'
Slack : -0.152
TNS   : -0.302

Type  : Fast 1100mV 0C Model Hold 'SegController:inst1|Decimal:inst1|digit[1]'
Slack : -0.118
TNS   : -0.188

Type  : Fast 1100mV 0C Model Minimum Pulse Width 'CLOCK'
Slack : -0.093
TNS   : -9.322

Type  : Fast 1100mV 0C Model Minimum Pulse Width 'SegController:inst1|seg:inst2|op[0]'
Slack : 0.320
TNS   : 0.000

Type  : Fast 1100mV 0C Model Minimum Pulse Width 'SegController:inst1|Decimal:inst1|digit[1]'
Slack : 0.360
TNS   : 0.000

------------------------------------------------------------
